2026-09-08 20:23:54.804 INFO   Freerouting v2.4.1 (build-date: 2026-09-03)
2026-09-08 20:23:54.847 WARN   Couldn't get screen resolution. If you are running in a headless environment, disable the GUI by setting gui.enabled to false.
2026-09-08 20:23:54.938 WARN   Analytics tracking: first delivery failure in this window - /v1/analytics/identify - UnknownHostException: api.freerouting.app. Further failures will be aggregated and reported every 60 minutes. → Action: DNS resolution failed. Verify that this host has network access and that api.freerouting.app is reachable (try: nslookup api.freerouting.app).
2026-09-08 20:23:56.193 INFO   [0F2646\8BD68F] Loading board file 'AQI_Main.dsn'...
2026-09-08 20:23:56.253 WARN   Power-plane validation failed:
- Dedicated power layer 'In1.Cu' has no conduction areas defined.

Proper Definition and Best Practices for Power Planes:
1. What Belongs on a Power Plane:
   - Solid Copper Pours: A single, uninterrupted sheet of copper assigned to one voltage (e.g., +3.3V).
   - Split Planes: Multiple distinct voltage zones divided by thin isolation gaps (puzzle pieces).
   - Vias and Anti-Pads: Plated holes passing through the board, surrounded by circular voids (anti-pads) to prevent shorting.
   - Thermal Reliefs: Spoked connections for vias or pins that connect to the plane, facilitating soldering.
2. Why Signal Wires/Traces are Banned:
   - Destroyed Return Paths: High-speed signals on adjacent layers couple to the solid plane below/above as return paths. Crossing a trace gap detours return currents, causing severe EMI and signal integrity issues.
   - Compromised Power Delivery: Power planes should provide the lowest impedance path. Routing traces chops up the copper, creating bottleneck restrictions and voltage drops.

2026-09-08 20:23:56.261 INFO   [0F2646\8BD68F] Job '0F2646\8BD68F' started at 2026-09-08T14:53:56.261352Z.
2026-09-08 20:23:56.319 INFO   [0F2646\8BD68F] Fanout stage started on board '2b232f78b122603f041555e1ecdc59e5' with 346 of 408 SMD pins needing fanout (38 already connected, 24 netless).
2026-09-08 20:23:58.581 INFO   [0F2646\8BD68F] Fanout pass #1 on board '01808deb75cae29ba347009bafdad54b' completed in 2.22 seconds with 221 SMD pins fanouted, 116 not routed, 0 insert errors, +50 extra vias (0 SMD pins still to check in pass, ripup costs=100).
2026-09-08 20:23:59.929 INFO   [0F2646\8BD68F] Fanout pass #2 on board 'bdfbac5a22dfccd31bee86b55c436b17' completed in 1.34 seconds with 55 SMD pins fanouted, 114 not routed, 0 insert errors, +18 extra vias (0 SMD pins still to check in pass, ripup costs=200).
2026-09-08 20:24:00.738 INFO   [0F2646\8BD68F] Fanout pass #3 on board '20b8effe1760c9c8c59da9403a39a74a' completed in 0.80 seconds with 14 SMD pins fanouted, 127 not routed, 0 insert errors, +10 extra vias (0 SMD pins still to check in pass, ripup costs=300).
2026-09-08 20:24:01.160 INFO   [0F2646\8BD68F] Fanout pass #4 on board 'f15f316309d878fc4f53ebbd728ca9eb' completed in 0.41 seconds with 2 SMD pins fanouted, 97 not routed, 0 insert errors, +2 extra vias (0 SMD pins still to check in pass, ripup costs=400).
2026-09-08 20:24:01.856 INFO   [0F2646\8BD68F] Fanout pass #5 on board '0a2c1607e5a96de829bae1f509ef2541' completed in 0.69 seconds with 7 SMD pins fanouted, 98 not routed, 0 insert errors, +0 extra vias (0 SMD pins still to check in pass, ripup costs=500).
2026-09-08 20:24:02.426 INFO   [0F2646\8BD68F] Fanout pass #6 on board '90b399cc9ba9de50232e7942a1c8efbb' completed in 0.56 seconds with 5 SMD pins fanouted, 93 not routed, 0 insert errors, +0 extra vias (0 SMD pins still to check in pass, ripup costs=600).
2026-09-08 20:24:02.855 INFO   [0F2646\8BD68F] Fanout pass #7 on board '3a1d38e1dd04f4cc7400f5697f7f2084' completed in 0.42 seconds with 1 SMD pin fanouted, 93 not routed, 0 insert errors, +0 extra vias (0 SMD pins still to check in pass, ripup costs=700).
2026-09-08 20:24:03.264 INFO   [0F2646\8BD68F] Fanout pass #8 on board '3a1d38e1dd04f4cc7400f5697f7f2084' completed in 0.40 seconds with 0 SMD pins fanouted, 93 not routed, 0 insert errors, +0 extra vias (0 SMD pins still to check in pass, ripup costs=800).
2026-09-08 20:24:03.296 INFO   [0F2646\8BD68F] Fanout stage completed: started with 384 total SMD pins, completed in 6.95 seconds, escaped pins: 267/384 (69.5%), using 6.79 total CPU seconds, 134.31 GB total allocated, and 793.2 MB peak heap usage.
2026-09-08 20:24:03.302 INFO   [0F2646\8BD68F] Auto-routing stage started on board '3a1d38e1dd04f4cc7400f5697f7f2084' for 117 unrouted items.
2026-09-08 20:24:18.804 INFO   [0F2646\8BD68F] Auto-routing pass #1 on board '3a1d38e1dd04f4cc7400f5697f7f2084' was completed in 15.41 seconds with score 826.02 (50 unrouted and 4 violations), using 21.55 CPU seconds and the job allocated 324.95 GB of memory so far.
2026-09-08 20:24:35.184 INFO   [0F2646\8BD68F] Auto-routing pass #2 on board 'f3d4c471d24b04f99fd0da3ff64897dc' was completed in 16.29 seconds with score 911.63 (25 unrouted and 4 violations), using 37.24 CPU seconds and the job allocated 518.28 GB of memory so far.
2026-09-08 20:24:49.565 INFO   [0F2646\8BD68F] Auto-routing pass #3 on board '61c04c6054a1be959374b4d0f8169744' was completed in 14.20 seconds with score 928.76 (20 unrouted and 4 violations), using 51.98 CPU seconds and the job allocated 703.04 GB of memory so far.
2026-09-08 20:25:03.169 INFO   [0F2646\8BD68F] Auto-routing pass #4 on board '314bdfca0ae3d912d063125ec6530300' was completed in 13.42 seconds with score 942.45 (16 unrouted and 4 violations), using 64.76 CPU seconds and the job allocated 855.83 GB of memory so far.
2026-09-08 20:25:17.369 INFO   [0F2646\8BD68F] Auto-routing pass #5 on board '03ae3a77622afb7690dd8250f7c0e5cf' was completed in 14.00 seconds with score 945.88 (15 unrouted and 4 violations), using 78.57 CPU seconds and the job allocated 999.07 GB of memory so far.
2026-09-08 20:25:30.037 INFO   [0F2646\8BD68F] Auto-routing pass #6 on board '2b26e2cd3de7df0497d8bf81c2ee5a45' was completed in 12.47 seconds with score 949.30 (14 unrouted and 4 violations), using 91.41 CPU seconds and the job allocated 1136.84 GB of memory so far.
2026-09-08 20:25:42.385 INFO   [0F2646\8BD68F] Auto-routing pass #7 on board 'aa117fa8e730d5fe0afbae930e410ed1' was completed in 12.15 seconds with score 959.58 (11 unrouted and 4 violations), using 103.27 CPU seconds and the job allocated 1272.42 GB of memory so far.
2026-09-08 20:25:53.602 INFO   [0F2646\8BD68F] Auto-routing pass #8 on board 'c034ce855ed6d344d44dbe3a076a7edf' was completed in 11.02 seconds with score 959.58 (11 unrouted and 4 violations), using 114.15 CPU seconds and the job allocated 1382.50 GB of memory so far.
2026-09-08 20:26:04.601 INFO   [0F2646\8BD68F] Auto-routing pass #9 on board '496588bd5cc7573c75af0b7e87ed8337' was completed in 10.80 seconds with score 956.15 (12 unrouted and 4 violations), using 125.01 CPU seconds and the job allocated 1494.68 GB of memory so far.
2026-09-08 20:26:15.665 INFO   [0F2646\8BD68F] Auto-routing pass #10 on board '42006f71f2af916bb0b598938e646f1d' was completed in 10.86 seconds with score 959.58 (11 unrouted and 4 violations), using 135.89 CPU seconds and the job allocated 1607.94 GB of memory so far.
2026-09-08 20:26:26.674 INFO   [0F2646\8BD68F] Auto-routing pass #11 on board '914a88095be9827a588f70d56c47222e' was completed in 10.81 seconds with score 963.00 (10 unrouted and 4 violations), using 146.76 CPU seconds and the job allocated 1716.78 GB of memory so far.
2026-09-08 20:26:37.909 INFO   [0F2646\8BD68F] Auto-routing pass #12 on board '7653b0c618b29d9be47b88f62c8c8aa0' was completed in 11.04 seconds with score 963.00 (10 unrouted and 4 violations), using 157.60 CPU seconds and the job allocated 1831.46 GB of memory so far.
2026-09-08 20:26:49.124 INFO   [0F2646\8BD68F] Auto-routing pass #13 on board '18f13bf59cebf0146f1008a33d89b303' was completed in 11.01 seconds with score 963.00 (10 unrouted and 4 violations), using 168.47 CPU seconds and the job allocated 1940.24 GB of memory so far.
2026-09-08 20:27:00.193 INFO   [0F2646\8BD68F] Auto-routing pass #14 on board '2293dbb04ebd9628189b280b84cb71cc' was completed in 10.87 seconds with score 966.43 (9 unrouted and 4 violations), using 179.34 CPU seconds and the job allocated 2055.32 GB of memory so far.
2026-09-08 20:27:11.209 INFO   [0F2646\8BD68F] Auto-routing pass #15 on board '2de30b3ee78a5be77e2166c666366020' was completed in 10.81 seconds with score 966.43 (9 unrouted and 4 violations), using 190.19 CPU seconds and the job allocated 2162.23 GB of memory so far.
2026-09-08 20:27:21.934 INFO   [0F2646\8BD68F] Auto-routing pass #16 on board '2de30b3ee78a5be77e2166c666366020' was completed in 10.62 seconds with score 966.43 (9 unrouted and 4 violations), using 201.07 CPU seconds and the job allocated 2268.98 GB of memory so far.
2026-09-08 20:27:32.623 INFO   [0F2646\8BD68F] Auto-routing pass #17 on board '2de30b3ee78a5be77e2166c666366020' was completed in 10.58 seconds with score 966.43 (9 unrouted and 4 violations), using 211.94 CPU seconds and the job allocated 2378.68 GB of memory so far.
2026-09-08 20:27:43.476 INFO   [0F2646\8BD68F] Auto-routing pass #18 on board '8a881ad1ba8ef68f68ff2915e8ca0018' was completed in 10.54 seconds with score 966.43 (9 unrouted and 4 violations), using 221.84 CPU seconds and the job allocated 2477.48 GB of memory so far.
2026-09-08 20:27:54.124 INFO   [0F2646\8BD68F] Auto-routing pass #19 on board '8a881ad1ba8ef68f68ff2915e8ca0018' was completed in 10.54 seconds with score 966.43 (9 unrouted and 4 violations), using 232.70 CPU seconds and the job allocated 2583.82 GB of memory so far.
2026-09-08 20:28:04.733 INFO   [0F2646\8BD68F] Auto-routing pass #20 on board '8a881ad1ba8ef68f68ff2915e8ca0018' was completed in 10.50 seconds with score 966.43 (9 unrouted and 4 violations), using 242.57 CPU seconds and the job allocated 2681.49 GB of memory so far.
2026-09-08 20:28:15.421 INFO   [0F2646\8BD68F] Auto-routing pass #21 on board '8a881ad1ba8ef68f68ff2915e8ca0018' was completed in 10.58 seconds with score 966.43 (9 unrouted and 4 violations), using 253.40 CPU seconds and the job allocated 2786.83 GB of memory so far.
2026-09-08 20:28:26.643 INFO   [0F2646\8BD68F] Auto-routing pass #22 on board '8a881ad1ba8ef68f68ff2915e8ca0018' was completed in 11.12 seconds with score 966.43 (9 unrouted and 4 violations), using 264.06 CPU seconds and the job allocated 2887.62 GB of memory so far.
2026-09-08 20:28:37.243 INFO   [0F2646\8BD68F] Auto-routing pass #23 on board '8a881ad1ba8ef68f68ff2915e8ca0018' was completed in 10.49 seconds with score 966.43 (9 unrouted and 4 violations), using 274.91 CPU seconds and the job allocated 2994.16 GB of memory so far.
2026-09-08 20:28:47.811 INFO   [0F2646\8BD68F] Auto-routing pass #24 on board '8a881ad1ba8ef68f68ff2915e8ca0018' was completed in 10.46 seconds with score 966.43 (9 unrouted and 4 violations), using 284.75 CPU seconds and the job allocated 3091.77 GB of memory so far.
2026-09-08 20:28:47.829 INFO   [0F2646\8BD68F] The router's best score (966.43) has not improved by more than 0.5 points since pass #14. Stopping the auto-router after 24 passes (9 items still unconnected).
The following connections could not be routed -- please review your design (e.g. check pad clearances, trace width rules, and available routing space):
  Net 'GND' (1 unrouted connection):
    - U8-20  ->  C17-2
  Net '+5V_USB' (1 unrouted connection):
    - U3-5  ->  U3-3
  Net '+5V_INT' (1 unrouted connection):
    - U3-6  ->  C6-1
  Net '/I2C_SDA' (1 unrouted connection):
    - U8-10  ->  J2-7
  Net '/I2C_SCL' (1 unrouted connection):
    - U8-9  ->  via
  Net '+3V3_CO2' (3 unrouted connections):
    - U8-7  ->  U8-19
    - U8-7  ->  C16-1
    - U8-7  ->  U7-5
  Net '+3V2' (1 unrouted connection):
    - U5-6  ->  R17-1
2026-09-08 20:28:48.027 INFO   [0F2646\8BD68F] Auto-routing stage completed: started with 286 unrouted nets, completed in 291.64 seconds, final score: 966.43 (9 unrouted and 4 violations), using 285.73 total CPU seconds, 3107.35 GB total allocated, and 1311.2 MB peak heap usage.
2026-09-08 20:28:48.124 INFO   [0F2646\8BD68F] Optimization stage started on board '8a881ad1ba8ef68f68ff2915e8ca0018' with score 966.43 (9 unrouted and 4 violations).
2026-09-08 20:28:57.548 INFO   [0F2646\8BD68F] Stopping optimization pass #1 early after 50 consecutive items could not be improved.
2026-09-08 20:28:57.654 INFO   [0F2646\8BD68F] Optimizer pass #1 on board 'c2141975fc4e79ae6e3605361d3dc6c2' was completed in 9.22 seconds with the score of 966.43 (9 unrouted and 4 violations).
2026-09-08 20:28:57.747 INFO   [0F2646\8BD68F] Stopping optimizer because the improvement in this pass (0.0000%) is below the threshold (1.00%).
2026-09-08 20:28:57.842 INFO   [0F2646\8BD68F] Optimization stage completed: started with score 966.43 (9 unrouted and 4 violations), completed in 9.63 seconds, final score: 966.43 (9 unrouted and 4 violations), using 9.41 total CPU seconds, 300.15 GB total allocated, and 992.3 MB peak heap usage.
2026-09-08 20:28:57.854 INFO   [0F2646\8BD68F] Job '0F2646\8BD68F' finished with state: COMPLETED (elapsed: 5 minutes 1.59 seconds, finished at UTC: 2026-09-08T14:58:57.854362Z).
2026-09-08 20:28:57.921 INFO   Saving output file '/Users/devalopr/Documents/Projects/Portable-AQI-recorder/hardware/rev-a/main/review/AQI_Main.ses' (SES)...
2026-09-08 20:28:57.924 INFO   Successfully saved output file '/Users/devalopr/Documents/Projects/Portable-AQI-recorder/hardware/rev-a/main/review/AQI_Main.ses' (104544 bytes).
